ERC report (2025-07-30T20:41:42-0400, Encoding UTF8)

***** Sheet /
[footprint_link_issues]: The current configuration does not include the footprint library 'footprints'.
    ; warning
    @(2400 mils, 1850 mils): Symbol U1 [AD5206BRUZ50]
[lib_symbol_issues]: The symbol library '2025-07-29_19-12-12' was not found at '/home/l/Desktop/assHat/asshat/2025-07-29_19-12-12.kicad_sym'.
    ; warning
    @(2400 mils, 1850 mils): Symbol U1 [AD5206BRUZ50]
[pin_to_pin]: Pins of type Unspecified and Unspecified are connected
    ; warning
    @(2400 mils, 1850 mils): Symbol U1 Pin 1 [A6, Unspecified, Line]
    @(2400 mils, 1950 mils): Symbol U1 Pin 2 [W6, Unspecified, Line]
[power_pin_not_driven]: Input Power pin not driven by any Output Power pins
    ; error
    @(2000 mils, 2300 mils): Symbol #PWR03 Pin 1 [Power input, Line]
[pin_to_pin]: Pins of type Unspecified and Passive are connected
    ; warning
    @(2400 mils, 1950 mils): Symbol U1 Pin 2 [W6, Unspecified, Line]
    @(5150 mils, 8000 mils): Symbol J2 Pin 7 [Pin_7, Passive, Line]
[pin_to_pin]: Pins of type Unspecified and Unspecified are connected
    ; warning
    @(2400 mils, 2050 mils): Symbol U1 Pin 3 [B6, Unspecified, Line]
    @(2400 mils, 2150 mils): Symbol U1 Pin 4 [GND, Unspecified, Line]
[pin_to_pin]: Pins of type Unspecified and Power input are connected
    ; warning
    @(2400 mils, 2150 mils): Symbol U1 Pin 4 [GND, Unspecified, Line]
    @(2400 mils, 2650 mils): Symbol U1 Pin 9 [VSS, Power input, Line]
[pin_to_pin]: Pins of type Unspecified and Passive are connected
    ; warning
    @(2400 mils, 2250 mils): Symbol U1 Pin 5 [CS*, Unspecified, Line]
    @(8400 mils, 2300 mils): Symbol J1 Pin 16 [Pin_16, Passive, Line]
[power_pin_not_driven]: Input Power pin not driven by any Output Power pins
    ; error
    @(1400 mils, 3050 mils): Symbol #PWR01 Pin 1 [Power input, Line]
[pin_not_connected]: Pin not connected
    ; error
    @(2400 mils, 2350 mils): Symbol U1 Pin 6 [VDD, Power input, Line]
[power_pin_not_driven]: Input Power pin not driven by any Output Power pins
    ; error
    @(2400 mils, 2350 mils): Symbol U1 Pin 6 [VDD, Power input, Line]
[unconnected_wire_endpoint]: Unconnected wire endpoint
    ; warning
    @(2000 mils, 2350 mils): Horizontal Wire, length 450 mils
[pin_to_pin]: Pins of type Unspecified and Unspecified are connected
    ; warning
    @(2400 mils, 2450 mils): Symbol U1 Pin 7 [SDI, Unspecified, Line]
    @(2450 mils, 4350 mils): Symbol U2 Pin 7 [SDI, Unspecified, Line]
[pin_to_pin]: Pins of type Unspecified and Unspecified are connected
    ; warning
    @(2400 mils, 2550 mils): Symbol U1 Pin 8 [CLK, Unspecified, Line]
    @(2450 mils, 4450 mils): Symbol U2 Pin 8 [CLK, Unspecified, Line]
[pin_to_pin]: Pins of type Unspecified and Power input are connected
    ; warning
    @(2400 mils, 2750 mils): Symbol U1 Pin 10 [B5, Unspecified, Line]
    @(2400 mils, 2650 mils): Symbol U1 Pin 9 [VSS, Power input, Line]
[pin_to_pin]: Pins of type Unspecified and Unspecified are connected
    ; warning
    @(2400 mils, 2850 mils): Symbol U1 Pin 11 [W5, Unspecified, Line]
    @(2400 mils, 2950 mils): Symbol U1 Pin 12 [A5, Unspecified, Line]
[pin_to_pin]: Pins of type Unspecified and Passive are connected
    ; warning
    @(2400 mils, 2950 mils): Symbol U1 Pin 12 [A5, Unspecified, Line]
    @(5150 mils, 7900 mils): Symbol J2 Pin 6 [Pin_6, Passive, Line]
[pin_to_pin]: Pins of type Unspecified and Power input are connected
    ; warning
    @(4000 mils, 1850 mils): Symbol U1 Pin 24 [B4, Unspecified, Line]
    @(4500 mils, 3000 mils): Symbol #PWR04 Pin 1 [Power input, Line]
[pin_to_pin]: Pins of type Unspecified and Passive are connected
    ; warning
    @(4000 mils, 1950 mils): Symbol U1 Pin 23 [W4, Unspecified, Line]
    @(5150 mils, 7800 mils): Symbol J2 Pin 5 [Pin_5, Passive, Line]
[footprint_link_issues]: The current configuration does not include the footprint library 'footprints'.
    ; warning
    @(2450 mils, 3750 mils): Symbol U2 [AD5206BRUZ50]
[lib_symbol_issues]: The symbol library '2025-07-29_19-12-12' was not found at '/home/l/Desktop/assHat/asshat/2025-07-29_19-12-12.kicad_sym'.
    ; warning
    @(2450 mils, 3750 mils): Symbol U2 [AD5206BRUZ50]
[pin_to_pin]: Pins of type Unspecified and Unspecified are connected
    ; warning
    @(2450 mils, 3750 mils): Symbol U2 Pin 1 [A6, Unspecified, Line]
    @(2450 mils, 3850 mils): Symbol U2 Pin 2 [W6, Unspecified, Line]
[pin_to_pin]: Pins of type Unspecified and Unspecified are connected
    ; warning
    @(4000 mils, 2050 mils): Symbol U1 Pin 22 [A4, Unspecified, Line]
    @(4000 mils, 1950 mils): Symbol U1 Pin 23 [W4, Unspecified, Line]
[pin_to_pin]: Pins of type Unspecified and Unspecified are connected
    ; warning
    @(4000 mils, 2150 mils): Symbol U1 Pin 21 [B2, Unspecified, Line]
    @(4000 mils, 1850 mils): Symbol U1 Pin 24 [B4, Unspecified, Line]
[pin_to_pin]: Pins of type Unspecified and Passive are connected
    ; warning
    @(2450 mils, 3850 mils): Symbol U2 Pin 2 [W6, Unspecified, Line]
    @(5150 mils, 8600 mils): Symbol J2 Pin 13 [Pin_13, Passive, Line]
[pin_to_pin]: Pins of type Unspecified and Passive are connected
    ; warning
    @(4000 mils, 2250 mils): Symbol U1 Pin 20 [W2, Unspecified, Line]
    @(5150 mils, 7600 mils): Symbol J2 Pin 3 [Pin_3, Passive, Line]
[pin_to_pin]: Pins of type Unspecified and Unspecified are connected
    ; warning
    @(4000 mils, 2350 mils): Symbol U1 Pin 19 [A2, Unspecified, Line]
    @(4000 mils, 2250 mils): Symbol U1 Pin 20 [W2, Unspecified, Line]
[pin_to_pin]: Pins of type Unspecified and Unspecified are connected
    ; warning
    @(2450 mils, 3950 mils): Symbol U2 Pin 3 [B6, Unspecified, Line]
    @(2450 mils, 4050 mils): Symbol U2 Pin 4 [GND, Unspecified, Line]
[pin_to_pin]: Pins of type Unspecified and Unspecified are connected
    ; warning
    @(4000 mils, 2450 mils): Symbol U1 Pin 18 [A1, Unspecified, Line]
    @(4050 mils, 4350 mils): Symbol U2 Pin 18 [A1, Unspecified, Line]
[pin_to_pin]: Pins of type Unspecified and Power input are connected
    ; warning
    @(2450 mils, 4050 mils): Symbol U2 Pin 4 [GND, Unspecified, Line]
    @(2450 mils, 4550 mils): Symbol U2 Pin 9 [VSS, Power input, Line]
[pin_to_pin]: Pins of type Unspecified and Unspecified are connected
    ; warning
    @(4000 mils, 2550 mils): Symbol U1 Pin 17 [W1, Unspecified, Line]
    @(4000 mils, 2450 mils): Symbol U1 Pin 18 [A1, Unspecified, Line]
[pin_to_pin]: Pins of type Unspecified and Unspecified are connected
    ; warning
    @(4000 mils, 2650 mils): Symbol U1 Pin 16 [B1, Unspecified, Line]
    @(4000 mils, 2150 mils): Symbol U1 Pin 21 [B2, Unspecified, Line]
[pin_to_pin]: Pins of type Unspecified and Passive are connected
    ; warning
    @(2450 mils, 4150 mils): Symbol U2 Pin 5 [CS*, Unspecified, Line]
    @(8400 mils, 2400 mils): Symbol J1 Pin 18 [Pin_18, Passive, Line]
[pin_to_pin]: Pins of type Unspecified and Passive are connected
    ; warning
    @(4000 mils, 2750 mils): Symbol U1 Pin 15 [A3, Unspecified, Line]
    @(5150 mils, 7700 mils): Symbol J2 Pin 4 [Pin_4, Passive, Line]
[pin_not_connected]: Pin not connected
    ; error
    @(2450 mils, 4250 mils): Symbol U2 Pin 6 [VDD, Power input, Line]
[power_pin_not_driven]: Input Power pin not driven by any Output Power pins
    ; error
    @(2450 mils, 4250 mils): Symbol U2 Pin 6 [VDD, Power input, Line]
[pin_to_pin]: Pins of type Unspecified and Unspecified are connected
    ; warning
    @(4000 mils, 2850 mils): Symbol U1 Pin 14 [W3, Unspecified, Line]
    @(4000 mils, 2750 mils): Symbol U1 Pin 15 [A3, Unspecified, Line]
[unconnected_wire_endpoint]: Unconnected wire endpoint
    ; warning
    @(2100 mils, 4250 mils): Horizontal Wire, length 400 mils
[pin_to_pin]: Pins of type Unspecified and Unspecified are connected
    ; warning
    @(4000 mils, 2950 mils): Symbol U1 Pin 13 [B3, Unspecified, Line]
    @(4000 mils, 2650 mils): Symbol U1 Pin 16 [B1, Unspecified, Line]
[pin_to_pin]: Pins of type Unspecified and Unspecified are connected
    ; warning
    @(2450 mils, 4350 mils): Symbol U2 Pin 7 [SDI, Unspecified, Line]
    @(2500 mils, 6400 mils): Symbol U3 Pin 7 [SDI, Unspecified, Line]
[pin_to_pin]: Pins of type Unspecified and Unspecified are connected
    ; warning
    @(2450 mils, 4450 mils): Symbol U2 Pin 8 [CLK, Unspecified, Line]
    @(2500 mils, 6500 mils): Symbol U3 Pin 8 [CLK, Unspecified, Line]
[pin_to_pin]: Pins of type Unspecified and Power input are connected
    ; warning
    @(2450 mils, 4650 mils): Symbol U2 Pin 10 [B5, Unspecified, Line]
    @(2450 mils, 4550 mils): Symbol U2 Pin 9 [VSS, Power input, Line]
[pin_to_pin]: Pins of type Unspecified and Unspecified are connected
    ; warning
    @(2450 mils, 4750 mils): Symbol U2 Pin 11 [W5, Unspecified, Line]
    @(2450 mils, 4850 mils): Symbol U2 Pin 12 [A5, Unspecified, Line]
[pin_to_pin]: Pins of type Unspecified and Passive are connected
    ; warning
    @(2450 mils, 4850 mils): Symbol U2 Pin 12 [A5, Unspecified, Line]
    @(5150 mils, 8500 mils): Symbol J2 Pin 12 [Pin_12, Passive, Line]
[pin_to_pin]: Pins of type Unspecified and Power input are connected
    ; warning
    @(4050 mils, 3750 mils): Symbol U2 Pin 24 [B4, Unspecified, Line]
    @(4500 mils, 3000 mils): Symbol #PWR04 Pin 1 [Power input, Line]
[pin_to_pin]: Pins of type Unspecified and Passive are connected
    ; warning
    @(4050 mils, 3850 mils): Symbol U2 Pin 23 [W4, Unspecified, Line]
    @(5150 mils, 8400 mils): Symbol J2 Pin 11 [Pin_11, Passive, Line]
[pin_to_pin]: Pins of type Unspecified and Unspecified are connected
    ; warning
    @(4050 mils, 3950 mils): Symbol U2 Pin 22 [A4, Unspecified, Line]
    @(4050 mils, 3850 mils): Symbol U2 Pin 23 [W4, Unspecified, Line]
[pin_to_pin]: Pins of type Unspecified and Unspecified are connected
    ; warning
    @(4050 mils, 4050 mils): Symbol U2 Pin 21 [B2, Unspecified, Line]
    @(4050 mils, 3750 mils): Symbol U2 Pin 24 [B4, Unspecified, Line]
[pin_to_pin]: Pins of type Unspecified and Passive are connected
    ; warning
    @(4050 mils, 4150 mils): Symbol U2 Pin 20 [W2, Unspecified, Line]
    @(5150 mils, 8200 mils): Symbol J2 Pin 9 [Pin_9, Passive, Line]
[pin_to_pin]: Pins of type Unspecified and Unspecified are connected
    ; warning
    @(4050 mils, 4250 mils): Symbol U2 Pin 19 [A2, Unspecified, Line]
    @(4050 mils, 4150 mils): Symbol U2 Pin 20 [W2, Unspecified, Line]
[pin_to_pin]: Pins of type Unspecified and Passive are connected
    ; warning
    @(4050 mils, 4350 mils): Symbol U2 Pin 18 [A1, Unspecified, Line]
    @(5150 mils, 7500 mils): Symbol J2 Pin 2 [Pin_2, Passive, Line]
[pin_to_pin]: Pins of type Unspecified and Unspecified are connected
    ; warning
    @(4050 mils, 4450 mils): Symbol U2 Pin 17 [W1, Unspecified, Line]
    @(4050 mils, 4350 mils): Symbol U2 Pin 18 [A1, Unspecified, Line]
[pin_to_pin]: Pins of type Unspecified and Unspecified are connected
    ; warning
    @(4050 mils, 4550 mils): Symbol U2 Pin 16 [B1, Unspecified, Line]
    @(4050 mils, 4050 mils): Symbol U2 Pin 21 [B2, Unspecified, Line]
[pin_to_pin]: Pins of type Unspecified and Passive are connected
    ; warning
    @(4050 mils, 4650 mils): Symbol U2 Pin 15 [A3, Unspecified, Line]
    @(5150 mils, 8300 mils): Symbol J2 Pin 10 [Pin_10, Passive, Line]
[pin_to_pin]: Pins of type Unspecified and Unspecified are connected
    ; warning
    @(4050 mils, 4750 mils): Symbol U2 Pin 14 [W3, Unspecified, Line]
    @(4050 mils, 4650 mils): Symbol U2 Pin 15 [A3, Unspecified, Line]
[footprint_link_issues]: The current configuration does not include the footprint library 'footprints'.
    ; warning
    @(2500 mils, 5800 mils): Symbol U3 [AD5206BRUZ50]
[lib_symbol_issues]: The symbol library '2025-07-29_19-12-12' was not found at '/home/l/Desktop/assHat/asshat/2025-07-29_19-12-12.kicad_sym'.
    ; warning
    @(2500 mils, 5800 mils): Symbol U3 [AD5206BRUZ50]
[pin_to_pin]: Pins of type Unspecified and Unspecified are connected
    ; warning
    @(2500 mils, 5800 mils): Symbol U3 Pin 1 [A6, Unspecified, Line]
    @(2500 mils, 5900 mils): Symbol U3 Pin 2 [W6, Unspecified, Line]
[pin_to_pin]: Pins of type Unspecified and Unspecified are connected
    ; warning
    @(4050 mils, 4850 mils): Symbol U2 Pin 13 [B3, Unspecified, Line]
    @(4050 mils, 4550 mils): Symbol U2 Pin 16 [B1, Unspecified, Line]
[pin_to_pin]: Pins of type Unspecified and Passive are connected
    ; warning
    @(2500 mils, 5900 mils): Symbol U3 Pin 2 [W6, Unspecified, Line]
    @(5150 mils, 9200 mils): Symbol J2 Pin 19 [Pin_19, Passive, Line]
[pin_to_pin]: Pins of type Unspecified and Unspecified are connected
    ; warning
    @(2500 mils, 6000 mils): Symbol U3 Pin 3 [B6, Unspecified, Line]
    @(2500 mils, 6100 mils): Symbol U3 Pin 4 [GND, Unspecified, Line]
[pin_to_pin]: Pins of type Unspecified and Power input are connected
    ; warning
    @(2500 mils, 6100 mils): Symbol U3 Pin 4 [GND, Unspecified, Line]
    @(2500 mils, 6600 mils): Symbol U3 Pin 9 [VSS, Power input, Line]
[pin_to_pin]: Pins of type Unspecified and Passive are connected
    ; warning
    @(2500 mils, 6200 mils): Symbol U3 Pin 5 [CS*, Unspecified, Line]
    @(8400 mils, 2500 mils): Symbol J1 Pin 20 [Pin_20, Passive, Line]
[pin_not_connected]: Pin not connected
    ; error
    @(2500 mils, 6300 mils): Symbol U3 Pin 6 [VDD, Power input, Line]
[power_pin_not_driven]: Input Power pin not driven by any Output Power pins
    ; error
    @(2500 mils, 6300 mils): Symbol U3 Pin 6 [VDD, Power input, Line]
[unconnected_wire_endpoint]: Unconnected wire endpoint
    ; warning
    @(2050 mils, 6300 mils): Horizontal Wire, length 500 mils
[pin_to_pin]: Pins of type Unspecified and Passive are connected
    ; warning
    @(2500 mils, 6400 mils): Symbol U3 Pin 7 [SDI, Unspecified, Line]
    @(7900 mils, 2500 mils): Symbol J1 Pin 19 [Pin_19, Passive, Line]
[pin_to_pin]: Pins of type Unspecified and Passive are connected
    ; warning
    @(2500 mils, 6500 mils): Symbol U3 Pin 8 [CLK, Unspecified, Line]
    @(7900 mils, 2700 mils): Symbol J1 Pin 23 [Pin_23, Passive, Line]
[pin_to_pin]: Pins of type Unspecified and Power input are connected
    ; warning
    @(4100 mils, 5800 mils): Symbol U3 Pin 24 [B4, Unspecified, Line]
    @(4550 mils, 4900 mils): Symbol #PWR05 Pin 1 [Power input, Line]
[pin_to_pin]: Pins of type Unspecified and Power input are connected
    ; warning
    @(2500 mils, 6700 mils): Symbol U3 Pin 10 [B5, Unspecified, Line]
    @(2500 mils, 6600 mils): Symbol U3 Pin 9 [VSS, Power input, Line]
[pin_to_pin]: Pins of type Unspecified and Passive are connected
    ; warning
    @(4100 mils, 5900 mils): Symbol U3 Pin 23 [W4, Unspecified, Line]
    @(5150 mils, 9000 mils): Symbol J2 Pin 17 [Pin_17, Passive, Line]
[pin_to_pin]: Pins of type Unspecified and Unspecified are connected
    ; warning
    @(2500 mils, 6800 mils): Symbol U3 Pin 11 [W5, Unspecified, Line]
    @(2500 mils, 6900 mils): Symbol U3 Pin 12 [A5, Unspecified, Line]
[pin_to_pin]: Pins of type Unspecified and Unspecified are connected
    ; warning
    @(4100 mils, 6000 mils): Symbol U3 Pin 22 [A4, Unspecified, Line]
    @(4100 mils, 5900 mils): Symbol U3 Pin 23 [W4, Unspecified, Line]
[pin_to_pin]: Pins of type Unspecified and Passive are connected
    ; warning
    @(2500 mils, 6900 mils): Symbol U3 Pin 12 [A5, Unspecified, Line]
    @(5150 mils, 9100 mils): Symbol J2 Pin 18 [Pin_18, Passive, Line]
[pin_to_pin]: Pins of type Unspecified and Unspecified are connected
    ; warning
    @(4100 mils, 6100 mils): Symbol U3 Pin 21 [B2, Unspecified, Line]
    @(4100 mils, 5800 mils): Symbol U3 Pin 24 [B4, Unspecified, Line]
[pin_to_pin]: Pins of type Unspecified and Passive are connected
    ; warning
    @(4100 mils, 6200 mils): Symbol U3 Pin 20 [W2, Unspecified, Line]
    @(5150 mils, 8800 mils): Symbol J2 Pin 15 [Pin_15, Passive, Line]
[pin_to_pin]: Pins of type Unspecified and Unspecified are connected
    ; warning
    @(4100 mils, 6300 mils): Symbol U3 Pin 19 [A2, Unspecified, Line]
    @(4100 mils, 6200 mils): Symbol U3 Pin 20 [W2, Unspecified, Line]
[pin_to_pin]: Pins of type Unspecified and Passive are connected
    ; warning
    @(4100 mils, 6400 mils): Symbol U3 Pin 18 [A1, Unspecified, Line]
    @(5150 mils, 8700 mils): Symbol J2 Pin 14 [Pin_14, Passive, Line]
[pin_to_pin]: Pins of type Unspecified and Unspecified are connected
    ; warning
    @(4100 mils, 6500 mils): Symbol U3 Pin 17 [W1, Unspecified, Line]
    @(4100 mils, 6400 mils): Symbol U3 Pin 18 [A1, Unspecified, Line]
[pin_to_pin]: Pins of type Unspecified and Unspecified are connected
    ; warning
    @(4100 mils, 6600 mils): Symbol U3 Pin 16 [B1, Unspecified, Line]
    @(4100 mils, 6100 mils): Symbol U3 Pin 21 [B2, Unspecified, Line]
[pin_to_pin]: Pins of type Unspecified and Passive are connected
    ; warning
    @(4100 mils, 6700 mils): Symbol U3 Pin 15 [A3, Unspecified, Line]
    @(5150 mils, 8900 mils): Symbol J2 Pin 16 [Pin_16, Passive, Line]
[pin_to_pin]: Pins of type Unspecified and Unspecified are connected
    ; warning
    @(4100 mils, 6800 mils): Symbol U3 Pin 14 [W3, Unspecified, Line]
    @(4100 mils, 6700 mils): Symbol U3 Pin 15 [A3, Unspecified, Line]
[pin_to_pin]: Pins of type Unspecified and Unspecified are connected
    ; warning
    @(4100 mils, 6900 mils): Symbol U3 Pin 13 [B3, Unspecified, Line]
    @(4100 mils, 6600 mils): Symbol U3 Pin 16 [B1, Unspecified, Line]
[pin_not_connected]: Pin not connected
    ; error
    @(7900 mils, 1600 mils): Symbol J1 Pin 1 [Pin_1, Passive, Line]
[pin_not_connected]: Pin not connected
    ; error
    @(7900 mils, 1700 mils): Symbol J1 Pin 3 [Pin_3, Passive, Line]
[pin_not_connected]: Pin not connected
    ; error
    @(7900 mils, 1800 mils): Symbol J1 Pin 5 [Pin_5, Passive, Line]
[pin_not_connected]: Pin not connected
    ; error
    @(7900 mils, 1900 mils): Symbol J1 Pin 7 [Pin_7, Passive, Line]
[pin_not_connected]: Pin not connected
    ; error
    @(7900 mils, 2000 mils): Symbol J1 Pin 9 [Pin_9, Passive, Line]
[missing_input_pin]: Symbol U4 has input pins in units [ Unit A, Unit B, Unit C, ... ] that are not placed.
    ; warning
    @(950 mils, 8200 mils): Symbol U4 [74AHCT125]
[missing_unit]: Symbol U4 has unplaced units [ Unit A, Unit B, Unit C, ... ]
    ; warning
    @(950 mils, 8200 mils): Symbol U4 [74AHCT125]
[pin_not_connected]: Pin not connected
    ; error
    @(7900 mils, 2400 mils): Symbol J1 Pin 17 [Pin_17, Passive, Line]
[pin_not_connected]: Pin not connected
    ; error
    @(7900 mils, 2600 mils): Symbol J1 Pin 21 [Pin_21, Passive, Line]
[pin_not_connected]: Pin not connected
    ; error
    @(7900 mils, 2800 mils): Symbol J1 Pin 25 [Pin_25, Passive, Line]
[pin_not_connected]: Pin not connected
    ; error
    @(7900 mils, 2900 mils): Symbol J1 Pin 27 [Pin_27, Passive, Line]
[label_dangling]: Label not connected to anything
    ; error
    @(7750 mils, 3400 mils): Label 'ls9'
[pin_not_connected]: Pin not connected
    ; error
    @(8400 mils, 1900 mils): Symbol J1 Pin 8 [Pin_8, Passive, Line]
[pin_not_connected]: Pin not connected
    ; error
    @(8400 mils, 2000 mils): Symbol J1 Pin 10 [Pin_10, Passive, Line]
[pin_not_connected]: Pin not connected
    ; error
    @(8400 mils, 2100 mils): Symbol J1 Pin 12 [Pin_12, Passive, Line]
[pin_not_connected]: Pin not connected
    ; error
    @(8400 mils, 2200 mils): Symbol J1 Pin 14 [Pin_14, Passive, Line]
[multiple_net_names]: Both nc3 and oc3 are attached to the same items; nc3 will be used in the netlist
    ; warning
    @(2900 mils, 8350 mils): Label 'nc3'
    @(2150 mils, 8450 mils): Label 'oc3'
[pin_not_connected]: Pin not connected
    ; error
    @(8400 mils, 2600 mils): Symbol J1 Pin 22 [Pin_22, Passive, Line]
[pin_not_connected]: Pin not connected
    ; error
    @(8400 mils, 2700 mils): Symbol J1 Pin 24 [Pin_24, Passive, Line]
[pin_not_connected]: Pin not connected
    ; error
    @(8400 mils, 2800 mils): Symbol J1 Pin 26 [Pin_26, Passive, Line]
[pin_not_connected]: Pin not connected
    ; error
    @(8400 mils, 2900 mils): Symbol J1 Pin 28 [Pin_28, Passive, Line]
[pin_not_connected]: Pin not connected
    ; error
    @(8400 mils, 3000 mils): Symbol J1 Pin 30 [Pin_30, Passive, Line]
[pin_not_connected]: Pin not connected
    ; error
    @(8400 mils, 3100 mils): Symbol J1 Pin 32 [Pin_32, Passive, Line]
[pin_not_connected]: Pin not connected
    ; error
    @(8400 mils, 3200 mils): Symbol J1 Pin 34 [Pin_34, Passive, Line]
[pin_not_connected]: Pin not connected
    ; error
    @(8400 mils, 3400 mils): Symbol J1 Pin 38 [Pin_38, Passive, Line]
[pin_not_connected]: Pin not connected
    ; error
    @(8400 mils, 3500 mils): Symbol J1 Pin 40 [Pin_40, Passive, Line]
[label_dangling]: Label not connected to anything
    ; error
    @(4900 mils, 8100 mils): Label 'u2_w1'

 ** ERC messages: 110  Errors 32  Warnings 78
